============================= test session starts =============================
platform win32 -- Python 3.12.7, pytest-9.0.2, pluggy-1.6.0
rootdir: C:\sai files\projects\TextSummarization-Flask-Docker
plugins: anyio-4.12.1
collected 6 items

tests\test_api.py ......                                                 [100%]

============================== 6 passed in 3.67s ==============================
